[anym3u8player.com/tvonline/index.html]
[backblue.gif]
[fade.gif]
[index.html]
[cdnjs.cloudflare.com/ajax/libs/font-awesome/6.5.1/css/all.min.css]
[anym3u8player.com/tvonline/public/css/styles.css]
[cdn.jsdelivr.net/npm/alpinejs@3.x.x/dist/cdn.min.js]
[ssl.p.jwpcdn.com/player/v/8.24.0/jwplayer.js]
[anym3u8player.com/tvonline/uploads/images/6769588c49213_1734957196.png]
[anym3u8player.com/tvonline/categories.html]
[anym3u8player.com/tvonline/category/news.html]
[anym3u8player.com/tvonline/category/movies.html]
[anym3u8player.com/tvonline/category/sport.html]
[anym3u8player.com/tvonline/category/documentary.html]
[anym3u8player.com/tvonline/category/music.html]
[anym3u8player.com/tvonline/category/auto.html]
[anym3u8player.com/tvonline/category/kids.html]
[anym3u8player.com/tvonline/category/entertainment.html]
[anym3u8player.com/tvonline/channels.html]
[anym3u8player.com/tvonline/channels117a.html]
[anym3u8player.com/tvonline/channel/axs-tv-now.html]
[anym3u8player.com/tvonline/uploads/channel-icons/1734708463_images (1).jpg]
[anym3u8player.com/tvonline/channel/ashraq.html]
[anym3u8player.com/tvonline/uploads/channel-icons/6765bd302acc1_channels4_profile.jpg]
[anym3u8player.com/tvonline/uploads/channel-icons/6765be1355f5a_images.png]
[anym3u8player.com/tvonline/channel/24-hour-free-movies.html]
[anym3u8player.com/tvonline/uploads/channel-icons/67680d4312575_828x622-Q80_1df6280c7fb0b317641b337f6d00170e.jpg]
[anym3u8player.com/tvonline/channel/abc-news.html]
[anym3u8player.com/tvonline/uploads/channel-icons/67681868393ca_vSz2WEp.png]
[anym3u8player.com/tvonline/channel/bbc-news.html]
[anym3u8player.com/tvonline/uploads/channel-icons/67682012b3c37_sA5V39D.png]
[anym3u8player.com/tvonline/channel/mlb-network.html]
[anym3u8player.com/tvonline/uploads/channel-icons/67685478a3a4b_MTV_2021_(brand_version).svg.png]
[anym3u8player.com/tvonline/channel/mtv-east.html]
[anym3u8player.com/tvonline/channel/30a-we-love-cars.html]
[anym3u8player.com/tvonline/uploads/channel-icons/67686c41afa5a_243590439_979934335955297_5491713259072057999_n.jpg]
[anym3u8player.com/tvonline/channel/rpm.html]
[anym3u8player.com/tvonline/uploads/channel-icons/67686e14d30af_hqdefault.jpg]
[anym3u8player.com/tvonline/channel/3abn.html]
[anym3u8player.com/tvonline/uploads/channel-icons/67680c55ab89c_1200x630wa.png]
[anym3u8player.com/tvonline/channel/al-jazeera-english.html]
[anym3u8player.com/tvonline/uploads/channel-icons/6768752c3d183_images (2).jpg]
[anym3u8player.com/tvonline/channel/tmz.html]
[anym3u8player.com/tvonline/uploads/channel-icons/6769389d176d0_Ez7qAZP.png]
[anym3u8player.com/tvonline/channel/news12-new-york.html]
[anym3u8player.com/tvonline/uploads/channel-icons/6769393d65b9a_gG2SWgG.png]
[anym3u8player.com/tvonline/channel/cbn-news.html]
[anym3u8player.com/tvonline/uploads/channel-icons/6765cb72c842b_axn.jpg]
[anym3u8player.com/tvonline/channel/axn.html]
[anym3u8player.com/tvonline/uploads/channel-icons/67693a63eb118_Paramount_Network.svg.png]
[anym3u8player.com/tvonline/channel/paramount-network-east.html]
[anym3u8player.com/tvonline/uploads/channel-icons/6769508eaf9af_p16HNIM.png]
[anym3u8player.com/tvonline/channel/made-in-hollywood.html]
[anym3u8player.com/tvonline/uploads/channel-icons/676852975aebe_mPGtwAP.png]
[anym3u8player.com/tvonline/channel/nfl-channel.html]
[anym3u8player.com/tvonline/uploads/channel-icons/676855731da8d_NickMusic.svg.png]
[anym3u8player.com/tvonline/channel/nickmusic-united-states.html]
[anym3u8player.com/tvonline/contact.html]
[anym3u8player.com/tvonline/index.html]
[cdnjs.cloudflare.com/ajax/libs/font-awesome/6.5.1/css/all.min.css]
[anym3u8player.com/tvonline/public/css/styles.css]
[anym3u8player.com/tvonline/page/terms-and-conditions.html]
[anym3u8player.com/cdn-cgi/scripts/5c5dd728/cloudflare-static/email-decode.min.js]
[anym3u8player.com/tvonline/categories.html]
[anym3u8player.com/tvonline/category/news.html]
[anym3u8player.com/tvonline/category/movies.html]
[anym3u8player.com/tvonline/category/sport.html]
[anym3u8player.com/tvonline/category/documentary.html]
[anym3u8player.com/tvonline/category/music.html]
[anym3u8player.com/tvonline/category/auto.html]
[anym3u8player.com/tvonline/category/kids.html]
[anym3u8player.com/tvonline/category/entertainment.html]
[anym3u8player.com/tvonline/channels.html]
[anym3u8player.com/tvonline/channels4658.html]
[anym3u8player.com/tvonline/channels117a.html]
[anym3u8player.com/tvonline/tag/documentary.html]
[webcode.tools/img/ottawa.jpg]
[content.jwplatform.com/libraries/KB5zFt7A.js]
[cdn.jsdelivr.net/npm/@hola.org/jwplayer-hlsjs@latest/dist/jwplayer.hlsjs.min.js]
[anym3u8player.com/tvonline/channel/axs-tv-now.html]
[anym3u8player.com/tvonline/channel/ashraq.html]
[cdn.dashjs.org/latest/dash.all.min.js]
[anym3u8player.com/tvonline/channel/24-hour-free-movies.html]
[anym3u8player.com/tvonline/tag/movies.html]
[anym3u8player.com/tvonline/channel/abc-news.html]
[anym3u8player.com/tvonline/channel/bbc-news.html]
[anym3u8player.com/tvonline/tag/news.html]
[anym3u8player.com/tvonline/channel/mlb-network.html]
[anym3u8player.com/tvonline/tag/sport.html]
[anym3u8player.com/tvonline/tag/mtv.html]
[anym3u8player.com/tvonline/channel/mtv-east.html]
[anym3u8player.com/tvonline/tag/music.html]
[anym3u8player.com/tvonline/tag/auto.html]
[anym3u8player.com/tvonline/tag/cars.html]
[anym3u8player.com/tvonline/channel/30a-we-love-cars.html]
[anym3u8player.com/tvonline/tag/we-love.html]
[anym3u8player.com/tvonline/tag/rpm.html]
[anym3u8player.com/tvonline/channel/rpm.html]
[anym3u8player.com/tvonline/tag/3abn.html]
[anym3u8player.com/tvonline/channel/3abn.html]
[anym3u8player.com/tvonline/channel/al-jazeera-english.html]
[anym3u8player.com/tvonline/tag/kids.html]
[anym3u8player.com/tvonline/channel/tmz.html]
[anym3u8player.com/tvonline/channel/news12-new-york.html]
[anym3u8player.com/tvonline/channel/cbn-news.html]
[anym3u8player.com/tvonline/channel/axn.html]
[anym3u8player.com/tvonline/channel/paramount-network-east.html]
[anym3u8player.com/tvonline/channel/made-in-hollywood.html]
[anym3u8player.com/tvonline/tag/tmz.html]
[anym3u8player.com/tvonline/channel/nfl-channel.html]
[anym3u8player.com/tvonline/tag/nfl.html]
[anym3u8player.com/tvonline/channel/nickmusic-united-states.html]
[anym3u8player.com/tvonline/contact.html]
[anym3u8player.com/tvonline/page/terms-and-conditions.html]
[anym3u8player.com/tvonline/tag/nick.html]
[anym3u8player.com/tvonline/channels4658.html]
[anym3u8player.com/tvonline/tag/documentary.html]
[anym3u8player.com/tvonline/report_channel.json]
[anym3u8player.com/tvonline/channels2679.html]
[cdn.dashjs.org/latest/dash.all.min.js]
[anym3u8player.com/tvonline/tag/movies.html]
[anym3u8player.com/tvonline/tag/news.html]
[anym3u8player.com/tvonline/tag/sport.html]
[anym3u8player.com/tvonline/tag/mtv.html]
[anym3u8player.com/tvonline/tag/music.html]
[anym3u8player.com/tvonline/tag/auto.html]
[anym3u8player.com/tvonline/tag/cars.html]
[anym3u8player.com/tvonline/tag/we-love.html]
[anym3u8player.com/tvonline/tag/rpm.html]
[anym3u8player.com/tvonline/tag/3abn.html]
[anym3u8player.com/tvonline/tag/kids.html]
[anym3u8player.com/tvonline/tag/tmz.html]
[anym3u8player.com/tvonline/tag/nfl.html]
[anym3u8player.com/tvonline/tag/nick.html]
[anym3u8player.com/tvonline/channels2679.html]
[anym3u8player.com/tvonline/channel/ABCDEFGHIJKLMNOPQRSTUVWXYZabcdefghijklmnopqrstuvwxyz0123456789+/index.html]
